---
source: crates/rolldown_testing/src/integration_test.rs
---
# Assets

## entry.js

```js
import * as ns$1 from "x";
import { ns } from "x";

// HIDDEN [rolldown:runtime]
//#region a.js
var a_exports = /* @__PURE__ */ __export({ ns: () => ns$1 });
var init_a = __esm({ "a.js": (() => {}) });

//#endregion
//#region b.js
var b_exports = /* @__PURE__ */ __export({ ns: () => ns$1 });
var init_b = __esm({ "b.js": (() => {}) });

//#endregion
//#region c.js
var c_exports = /* @__PURE__ */ __export({ ns: () => ns$1 });
var init_c = __esm({ "c.js": (() => {}) });

//#endregion
//#region d.js
var d_exports = /* @__PURE__ */ __export({ ns: () => ns });
var init_d = __esm({ "d.js": (() => {}) });

//#endregion
//#region e.js
var e_exports = {};
import * as import_x from "x";
__reExport(e_exports, import_x);
var init_e = __esm({ "e.js": (() => {}) });

//#endregion
//#region entry.js
init_a();
init_b();
init_c();
init_d();
init_e();

//#endregion
```
