---
source: crates/rolldown_testing/src/integration_test.rs
---
# Assets

## main.js

```js
import assert from "node:assert";

//#region foo.json
var _null = null;
var foo_default = { "null": _null };

//#endregion
//#region main.js
assert.deepStrictEqual(foo_default, { "null": null });

//#endregion
```
